// Jest Snapshot v1, https://goo.gl/fbAQLP

exports[`renders correctly 1`] = `
<View
  style={
    Object {
      "backgroundColor": "#2c365a",
      "flex": 1,
      "justifyContent": "space-between",
    }
  }
>
  <View
    style={
      Object {
        "flex": 1,
        "maxHeight": 733.7,
        "width": 750,
      }
    }
  >
    <Image
      source={
        Object {
          "testUri": "../../../src/assets/bgs/background_v1.png",
        }
      }
      style={
        Object {
          "height": "100%",
          "resizeMode": "stretch",
          "width": "100%",
        }
      }
    />
  </View>
  <View
    style={
      Object {
        "flex": 1,
        "justifyContent": "flex-end",
        "paddingHorizontal": 52,
        "paddingVertical": 42,
        "width": 750,
      }
    }
  >
    <Text
      style={
        Array [
          Object {
            "color": "#d1d5db",
            "fontSize": 62,
            "fontWeight": "bold",
            "textAlign": "left",
          },
          Object {
            "marginBottom": 25,
            "width": "70%",
          },
        ]
      }
    >
      Best way to track your money
    </Text>
    <Text
      style={
        Array [
          Object {
            "color": "#d1d5db",
            "fontSize": 20,
            "textAlign": "left",
          },
          Object {
            "marginBottom": 25,
            "width": "70%",
          },
        ]
      }
    >
      Best payment method, connect money to your friends, family
    </Text>
    <View
      accessible={true}
      collapsable={false}
      focusable={true}
      onBlur={[Function]}
      onClick={[Function]}
      onFocus={[Function]}
      onResponderGrant={[Function]}
      onResponderMove={[Function]}
      onResponderRelease={[Function]}
      onResponderTerminate={[Function]}
      onResponderTerminationRequest={[Function]}
      onStartShouldSetResponder={[Function]}
      style={
        Array [
          Object {
            "alignItems": "center",
            "backgroundColor": "#ef835d",
            "borderRadius": 20,
            "paddingHorizontal": 42,
            "paddingVertical": 17,
            "width": "100%",
          },
          undefined,
        ]
      }
    >
      <Text
        style={
          Array [
            Object {
              "color": "#d1d5db",
              "fontSize": 25,
              "fontWeight": "bold",
              "textAlign": "left",
            },
            undefined,
          ]
        }
      >
        Get Started
      </Text>
    </View>
  </View>
</View>
`;
